// Jest Snapshot v1, https://goo.gl/fbAQLP

exports[`typescript-css-modules build should create valid app 1`] = `
SCRIPTS: Array [
  "/static/typescript/runtime-af90dfb73f645abd9001.js",
  "/static/typescript/vendors~main-a264bd1d24dfb67ae5a1.js",
  "/static/typescript/main-527bb92b29ef95a99b2d.js",
]
CSS: Array [
  "/static/typescript/main-fadb2269a374a06075a5.css",
]
SOURCE HTML: <!DOCTYPE html>
<html>
  <head>
    <meta charset="UTF-8">
    <title>
      My Awesome Project
    </title>
    <meta name="viewport"
          content="width=device-width, initial-scale=1"
    >
    <link data-chunk="main"
          rel="stylesheet"
          href="styles[0]"
    >
    <link data-chunk="main"
          rel="preload"
          as="script"
          href="scripts[0]"
    >
    <link data-chunk="main"
          rel="preload"
          as="script"
          href="scripts[1]"
    >
    <link data-chunk="main"
          rel="preload"
          as="script"
          href="scripts[2]"
    >
  </head>
  <body>
    <div id="app">
      <div class="_1brbpTo">
        <div class="_3YtmnHj"
             data-automation-text="true"
        >
          Hello World
        </div>
      </div>
    </div>
    <script id="__LOADABLE_REQUIRED_CHUNKS__"
            type="application/json"
    >
      []
    </script>
    <script async
            data-chunk="main"
            src="scripts[0]"
    >
    </script>
    <script async
            data-chunk="main"
            src="scripts[1]"
    >
    </script>
    <script async
            data-chunk="main"
            src="scripts[2]"
    >
    </script>
  </body>
</html>
POST HYDRATE DIFFS: NO DIFF
`;

exports[`typescript-css-modules build should generate the expected files 1`] = `
Object {
  "components/BlueBlock/BlueBlock.less.d.ts": "// This file is automatically generated.
// Please do not change this file!
export const border: string;
export const root: string;
",
  "components/RedBlock/RedBlock.less.d.ts": "// This file is automatically generated.
// Please do not change this file!
export const border: string;
export const root: string;
",
  "index.html": SCRIPTS: Array [
    "/static/typescript/runtime-af90dfb73f645abd9001.js",
    "/static/typescript/vendors~main-a264bd1d24dfb67ae5a1.js",
    "/static/typescript/main-527bb92b29ef95a99b2d.js",
  ]
CSS: Array [
    "/static/typescript/main-fadb2269a374a06075a5.css",
  ]
SOURCE HTML: <!DOCTYPE html>
<html>
  <head>
    <meta charset="UTF-8">
    <title>
      My Awesome Project
    </title>
    <meta name="viewport"
          content="width=device-width, initial-scale=1"
    >
    <link data-chunk="main"
          rel="stylesheet"
          href="styles[0]"
    >
    <link data-chunk="main"
          rel="preload"
          as="script"
          href="scripts[0]"
    >
    <link data-chunk="main"
          rel="preload"
          as="script"
          href="scripts[1]"
    >
    <link data-chunk="main"
          rel="preload"
          as="script"
          href="scripts[2]"
    >
  </head>
  <body>
    <div id="app">
      <div class="_1brbpTo">
        <div class="_3YtmnHj"
             data-automation-text="true"
        >
          Hello World
        </div>
      </div>
    </div>
    <script id="__LOADABLE_REQUIRED_CHUNKS__"
            type="application/json"
    >
      []
    </script>
    <script async
            data-chunk="main"
            src="scripts[0]"
    >
    </script>
    <script async
            data-chunk="main"
            src="scripts[1]"
    >
    </script>
    <script async
            data-chunk="main"
            src="scripts[2]"
    >
    </script>
  </body>
</html>,
  "lessStyles.less.d.ts": "// This file is automatically generated.
// Please do not change this file!
interface CssExports {
  'nested': string;
  'root': string;
}
export const cssExports: CssExports;
export default cssExports;
",
  "main-527bb92b29ef95a99b2d.js": "CONTENTS IGNORED IN SNAPSHOT TEST",
  "main-fadb2269a374a06075a5.css": ._1brbpTo {
  display: -webkit-flex;
  display: -ms-flexbox;
  display: flex;
}
._1brbpTo ._3YtmnHj {
  font-size: 32px;
}
,
  "runtime-af90dfb73f645abd9001.js": "CONTENTS IGNORED IN SNAPSHOT TEST",
  "vendors~main-a264bd1d24dfb67ae5a1.js": "CONTENTS IGNORED IN SNAPSHOT TEST",
}
`;

exports[`typescript-css-modules build-ssr should create valid app 1`] = `
SCRIPTS: Array [
  "/static/typescript/runtime-af90dfb73f645abd9001.js",
  "/static/typescript/vendors~main-984fab7243c3dc553e6f.js",
  "/static/typescript/main-add4770934962096852c.js",
]
CSS: Array [
  "/static/typescript/main-fadb2269a374a06075a5.css",
]
SOURCE HTML: <!DOCTYPE html>
<html>
  <head>
    <meta charset="UTF-8">
    <title>
      My Awesome Project
    </title>
    <meta name="viewport"
          content="width=device-width, initial-scale=1"
    >
    <link data-chunk="main"
          rel="stylesheet"
          href="styles[0]"
    >
    <link data-chunk="main"
          rel="preload"
          as="script"
          href="scripts[0]"
    >
    <link data-chunk="main"
          rel="preload"
          as="script"
          href="scripts[1]"
    >
    <link data-chunk="main"
          rel="preload"
          as="script"
          href="scripts[2]"
    >
  </head>
  <body>
    <div id="app">
      <div class="_1brbpTo">
        <div class="_3YtmnHj"
             data-automation-text="true"
        >
          Hello World
        </div>
      </div>
    </div>
    <script id="__LOADABLE_REQUIRED_CHUNKS__"
            type="application/json"
    >
      []
    </script>
    <script async
            data-chunk="main"
            src="scripts[0]"
    >
    </script>
    <script async
            data-chunk="main"
            src="scripts[1]"
    >
    </script>
    <script async
            data-chunk="main"
            src="scripts[2]"
    >
    </script>
  </body>
</html>
POST HYDRATE DIFFS: NO DIFF
`;

exports[`typescript-css-modules build-ssr should generate the expected files 1`] = `
Object {
  "components/BlueBlock/BlueBlock.less.d.ts": "// This file is automatically generated.
// Please do not change this file!
export const border: string;
export const root: string;
",
  "components/RedBlock/RedBlock.less.d.ts": "// This file is automatically generated.
// Please do not change this file!
export const border: string;
export const root: string;
",
  "lessStyles.less.d.ts": "// This file is automatically generated.
// Please do not change this file!
interface CssExports {
  'nested': string;
  'root': string;
}
export const cssExports: CssExports;
export default cssExports;
",
  "main-add4770934962096852c.js": "CONTENTS IGNORED IN SNAPSHOT TEST",
  "main-fadb2269a374a06075a5.css": ._1brbpTo {
  display: -webkit-flex;
  display: -ms-flexbox;
  display: flex;
}
._1brbpTo ._3YtmnHj {
  font-size: 32px;
}
,
  "runtime-af90dfb73f645abd9001.js": "CONTENTS IGNORED IN SNAPSHOT TEST",
  "server.js": "CONTENTS IGNORED IN SNAPSHOT TEST",
  "vendors~main-984fab7243c3dc553e6f.js": "CONTENTS IGNORED IN SNAPSHOT TEST",
}
`;

exports[`typescript-css-modules start should start a development server 1`] = `
SCRIPTS: Array [
  "/runtime.js",
  "/vendors~devServerOnly~main.js",
  "/vendors~main.js",
  "/main.js",
]
CSS: Array [
  "/main.css",
]
SOURCE HTML: <!DOCTYPE html>
<html>
  <head>
    <meta charset="UTF-8">
    <title>
      My Awesome Project
    </title>
    <meta name="viewport"
          content="width=device-width, initial-scale=1"
    >
    <link data-chunk="main"
          rel="stylesheet"
          href="styles[0]"
    >
    <link data-chunk="main"
          rel="preload"
          as="script"
          href="scripts[0]"
    >
    <link data-chunk="main"
          rel="preload"
          as="script"
          href="scripts[1]"
    >
    <link data-chunk="main"
          rel="preload"
          as="script"
          href="scripts[2]"
    >
    <link data-chunk="main"
          rel="preload"
          as="script"
          href="scripts[3]"
    >
  </head>
  <body>
    <div id="app">
      <div class="lessStyles__root___1brbpTo">
        <div class="lessStyles__nested___3YtmnHj"
             data-automation-text="true"
        >
          Hello World
        </div>
      </div>
    </div>
    <script id="__LOADABLE_REQUIRED_CHUNKS__"
            type="application/json"
    >
      []
    </script>
    <script async
            data-chunk="main"
            src="scripts[0]"
    >
    </script>
    <script async
            data-chunk="main"
            src="scripts[1]"
    >
    </script>
    <script async
            data-chunk="main"
            src="scripts[2]"
    >
    </script>
    <script async
            data-chunk="main"
            src="scripts[3]"
    >
    </script>
  </body>
</html>
POST HYDRATE DIFFS: NO DIFF
`;
